../Core/Src/main.c:107:5:main	16	static
../Core/Src/main.c:243:6:SystemClock_Config	88	static
../Core/Src/main.c:289:13:MX_ADC1_Init	24	static
../Core/Src/main.c:341:13:MX_I2C1_Init	8	static
../Core/Src/main.c:375:13:MX_I2C3_Init	8	static
../Core/Src/main.c:409:13:MX_TIM1_Init	32	static
../Core/Src/main.c:455:13:MX_TIM3_Init	32	static
../Core/Src/main.c:500:13:MX_TIM4_Init	32	static
../Core/Src/main.c:545:13:MX_TIM7_Init	16	static
../Core/Src/main.c:583:13:MX_TIM8_Init	72	static
../Core/Src/main.c:651:13:MX_TIM13_Init	8	static
../Core/Src/main.c:680:13:MX_DMA_Init	16	static
../Core/Src/main.c:698:13:MX_GPIO_Init	56	static
../Core/Src/main.c:780:6:HAL_TIM_IC_CaptureCallback	24	static
../Core/Src/main.c:801:6:Error_Handler	4	static,ignoring_inline_asm
