../Core/Src/stm32f4xx_it.c:110:6:NMI_Handler	4	static
../Core/Src/stm32f4xx_it.c:125:6:HardFault_Handler	4	static
../Core/Src/stm32f4xx_it.c:140:6:MemManage_Handler	4	static
../Core/Src/stm32f4xx_it.c:155:6:BusFault_Handler	4	static
../Core/Src/stm32f4xx_it.c:170:6:UsageFault_Handler	4	static
../Core/Src/stm32f4xx_it.c:185:6:SVC_Handler	4	static
../Core/Src/stm32f4xx_it.c:198:6:DebugMon_Handler	4	static
../Core/Src/stm32f4xx_it.c:211:6:PendSV_Handler	4	static
../Core/Src/stm32f4xx_it.c:224:6:SysTick_Handler	8	static
../Core/Src/stm32f4xx_it.c:245:6:TIM1_UP_TIM10_IRQHandler	8	static
../Core/Src/stm32f4xx_it.c:260:6:TIM3_IRQHandler	8	static
../Core/Src/stm32f4xx_it.c:288:6:TIM4_IRQHandler	8	static
../Core/Src/stm32f4xx_it.c:351:6:TIM8_UP_TIM13_IRQHandler	8	static
../Core/Src/stm32f4xx_it.c:403:6:TIM8_CC_IRQHandler	8	static
../Core/Src/stm32f4xx_it.c:417:6:TIM7_IRQHandler	16	static
../Core/Src/stm32f4xx_it.c:437:6:DMA2_Stream0_IRQHandler	8	static
../Core/Src/stm32f4xx_it.c:451:6:ETH_IRQHandler	8	static
