../Core/Src/stm32f4xx_it.c:86:6:NMI_Handler	4	static
../Core/Src/stm32f4xx_it.c:101:6:HardFault_Handler	4	static
../Core/Src/stm32f4xx_it.c:116:6:MemManage_Handler	4	static
../Core/Src/stm32f4xx_it.c:131:6:BusFault_Handler	4	static
../Core/Src/stm32f4xx_it.c:146:6:UsageFault_Handler	4	static
../Core/Src/stm32f4xx_it.c:161:6:SVC_Handler	4	static
../Core/Src/stm32f4xx_it.c:174:6:DebugMon_Handler	4	static
../Core/Src/stm32f4xx_it.c:187:6:PendSV_Handler	4	static
../Core/Src/stm32f4xx_it.c:200:6:SysTick_Handler	8	static
../Core/Src/stm32f4xx_it.c:221:6:TIM1_UP_TIM10_IRQHandler	8	static
../Core/Src/stm32f4xx_it.c:235:6:TIM3_IRQHandler	8	static
../Core/Src/stm32f4xx_it.c:259:6:TIM4_IRQHandler	16	static
../Core/Src/stm32f4xx_it.c:294:6:TIM8_UP_TIM13_IRQHandler	8	static
../Core/Src/stm32f4xx_it.c:311:6:TIM8_CC_IRQHandler	8	static
../Core/Src/stm32f4xx_it.c:325:6:DMA2_Stream0_IRQHandler	8	static
../Core/Src/stm32f4xx_it.c:339:6:ETH_IRQHandler	8	static
